#-----------------------------------------------------------
# Vivado v2024.2 (64-bit)
# SW Build 5239630 on Fri Nov 08 22:35:27 MST 2024
# IP Build 5239520 on Sun Nov 10 16:12:51 MST 2024
# SharedData Build 5239561 on Fri Nov 08 14:39:27 MST 2024
# Start of session at: Fri Mar 21 13:54:55 2025
# Process ID         : 21320
# Current directory  : C:/Users/Work/Documents/Denmark/University/Semester 4/DDSP/frequency_divider/frequency_divider.runs/synth_1
# Command line       : vivado.exe -log clock_divider.vds -product Vivado -mode batch -messageDb vivado.pb -notrace -source clock_divider.tcl
# Log file           : C:/Users/Work/Documents/Denmark/University/Semester 4/DDSP/frequency_divider/frequency_divider.runs/synth_1/clock_divider.vds
# Journal file       : C:/Users/Work/Documents/Denmark/University/Semester 4/DDSP/frequency_divider/frequency_divider.runs/synth_1\vivado.jou
# Running On         : 5CG008
# Platform           : Windows Server 2016 or Windows 10
# Operating System   : 26100
# Processor Detail   : Intel(R) Core(TM) i7-8565U CPU @ 1.80GHz
# CPU Frequency      : 1992 MHz
# CPU Physical cores : 4
# CPU Logical cores  : 8
# Host memory        : 16976 MB
# Swap memory        : 12348 MB
# Total Virtual      : 29324 MB
# Available Virtual  : 8489 MB
#-----------------------------------------------------------
source clock_divider.tcl -notrace
